error TS6059: File 'C:/Users/darth/.gemini/antigravity/scratch/whatsapp-assistant/deploy VM/src/config.ts' is not under 'rootDir' 'C:/Users/darth/.gemini/antigravity/scratch/whatsapp-assistant/src'. 'rootDir' is expected to contain all source files.
  The file is in the program because:
    Matched by default include pattern '**/*'
  File is ECMAScript module because 'C:/Users/darth/.gemini/antigravity/scratch/whatsapp-assistant/deploy VM/package.json' has field "type" with value "module"
error TS6059: File 'C:/Users/darth/.gemini/antigravity/scratch/whatsapp-assistant/deploy VM/src/debug-models.ts' is not under 'rootDir' 'C:/Users/darth/.gemini/antigravity/scratch/whatsapp-assistant/src'. 'rootDir' is expected to contain all source files.
  The file is in the program because:
    Matched by default include pattern '**/*'
  File is ECMAScript module because 'C:/Users/darth/.gemini/antigravity/scratch/whatsapp-assistant/deploy VM/package.json' has field "type" with value "module"
error TS6059: File 'C:/Users/darth/.gemini/antigravity/scratch/whatsapp-assistant/deploy VM/src/index.ts' is not under 'rootDir' 'C:/Users/darth/.gemini/antigravity/scratch/whatsapp-assistant/src'. 'rootDir' is expected to contain all source files.
  The file is in the program because:
    Matched by default include pattern '**/*'
  File is ECMAScript module because 'C:/Users/darth/.gemini/antigravity/scratch/whatsapp-assistant/deploy VM/package.json' has field "type" with value "module"
error TS6059: File 'C:/Users/darth/.gemini/antigravity/scratch/whatsapp-assistant/deploy VM/src/scripts/clearDashboardRange.ts' is not under 'rootDir' 'C:/Users/darth/.gemini/antigravity/scratch/whatsapp-assistant/src'. 'rootDir' is expected to contain all source files.
  The file is in the program because:
    Matched by default include pattern '**/*'
  File is ECMAScript module because 'C:/Users/darth/.gemini/antigravity/scratch/whatsapp-assistant/deploy VM/package.json' has field "type" with value "module"
error TS6059: File 'C:/Users/darth/.gemini/antigravity/scratch/whatsapp-assistant/deploy VM/src/scripts/debugSheets.ts' is not under 'rootDir' 'C:/Users/darth/.gemini/antigravity/scratch/whatsapp-assistant/src'. 'rootDir' is expected to contain all source files.
  The file is in the program because:
    Matched by default include pattern '**/*'
  File is ECMAScript module because 'C:/Users/darth/.gemini/antigravity/scratch/whatsapp-assistant/deploy VM/package.json' has field "type" with value "module"
error TS6059: File 'C:/Users/darth/.gemini/antigravity/scratch/whatsapp-assistant/deploy VM/src/scripts/restorePendingFormula.ts' is not under 'rootDir' 'C:/Users/darth/.gemini/antigravity/scratch/whatsapp-assistant/src'. 'rootDir' is expected to contain all source files.
  The file is in the program because:
    Matched by default include pattern '**/*'
  File is ECMAScript module because 'C:/Users/darth/.gemini/antigravity/scratch/whatsapp-assistant/deploy VM/package.json' has field "type" with value "module"
error TS6059: File 'C:/Users/darth/.gemini/antigravity/scratch/whatsapp-assistant/deploy VM/src/scripts/setupSheets.ts' is not under 'rootDir' 'C:/Users/darth/.gemini/antigravity/scratch/whatsapp-assistant/src'. 'rootDir' is expected to contain all source files.
  The file is in the program because:
    Matched by default include pattern '**/*'
  File is ECMAScript module because 'C:/Users/darth/.gemini/antigravity/scratch/whatsapp-assistant/deploy VM/package.json' has field "type" with value "module"
error TS6059: File 'C:/Users/darth/.gemini/antigravity/scratch/whatsapp-assistant/deploy VM/src/scripts/updateDashboardSheet.ts' is not under 'rootDir' 'C:/Users/darth/.gemini/antigravity/scratch/whatsapp-assistant/src'. 'rootDir' is expected to contain all source files.
  The file is in the program because:
    Matched by default include pattern '**/*'
  File is ECMAScript module because 'C:/Users/darth/.gemini/antigravity/scratch/whatsapp-assistant/deploy VM/package.json' has field "type" with value "module"
